// Jest Snapshot v1, https://goo.gl/fbAQLP

exports[`<Main /> should render the heading 1`] = `
<main
  class="sc-VHjGu jJdqHD"
>
  <h1>
    Bem vindo a Main
  </h1>
</main>
`;
